src/design-system/components/Toast.tsx(1,15): error TS6133: 'Show' is declared but its value is never read.
src/pages/agents/AgentDashboard.tsx(5,1): error TS6133: 'Input' is declared but its value is never read.
src/pages/agents/AgentDashboard.tsx(73,20): error TS2322: Type '"outline"' is not assignable to type '"info" | "success" | "warning" | "error" | "accent" | "muted" | undefined'.
src/pages/alerts/AlertsPage.tsx(7,10): error TS6133: 'AlertTriangle' is declared but its value is never read.
src/pages/api-lab/APILab.tsx(1,10): error TS6133: 'For' is declared but its value is never read.
src/pages/api-lab/APILab.tsx(19,28): error TS2322: Type '"outline"' is not assignable to type '"info" | "success" | "warning" | "error" | "accent" | "muted" | undefined'.
src/pages/cases/CasesPage.tsx(55,82): error TS2322: Type '{ children: Element; class: string; onClick: () => Case; }' is not assignable to type 'IntrinsicAttributes & CardProps'.
  Property 'onClick' does not exist on type 'IntrinsicAttributes & CardProps'.
src/pages/cases/CasesPage.tsx(57,79): error TS2339: Property 'info' does not exist on type '{ critical: string; high: string; medium: string; low: string; }'.
src/pages/cases/CasesPage.tsx(58,46): error TS2339: Property 'info' does not exist on type '{ critical: string; high: string; medium: string; low: string; }'.
src/pages/compliance/ComplianceDashboard.tsx(4,71): error TS6133: 'Zap' is declared but its value is never read.
src/pages/constellation/ConstellationPage.tsx(2,1): error TS6133: 'Card' is declared but its value is never read.
src/pages/dashboard/OverviewDashboard.tsx(1,15): error TS6133: 'createSignal' is declared but its value is never read.
src/pages/dashboard/OverviewDashboard.tsx(7,28): error TS6133: 'Shield' is declared but its value is never read.
src/pages/dashboard/OverviewDashboard.tsx(7,44): error TS6133: 'TrendingUp' is declared but its value is never read.
src/pages/dashboard/OverviewDashboard.tsx(8,3): error TS6133: 'Eye' is declared but its value is never read.
src/pages/dashboard/OverviewDashboard.tsx(8,8): error TS6133: 'Cpu' is declared but its value is never read.
src/pages/dashboard/OverviewDashboard.tsx(8,13): error TS6133: 'HardDrive' is declared but its value is never read.
src/pages/dashboard/OverviewDashboard.tsx(15,7): error TS6133: 'MiniSparkline' is declared but its value is never read.
src/pages/dashboard/OverviewDashboard.tsx(136,20): error TS6133: 'i' is declared but its value is never read.
src/pages/explorer/LogExplorer.tsx(3,1): error TS6133: 'Input' is declared but its value is never read.
src/pages/explorer/LogExplorer.tsx(6,10): error TS6133: 'Search' is declared but its value is never read.
src/pages/explorer/LogExplorer.tsx(6,18): error TS6133: 'Filter' is declared but its value is never read.
src/pages/explorer/LogExplorer.tsx(10,55): error TS6133: 'searchLoading' is declared but its value is never read.
src/pages/explorer/LogExplorer.tsx(65,18): error TS2322: Type '"outline"' is not assignable to type '"info" | "success" | "warning" | "error" | "accent" | "muted" | undefined'.
src/pages/explorer/LogExplorer.tsx(66,18): error TS2322: Type '"outline"' is not assignable to type '"info" | "success" | "warning" | "error" | "accent" | "muted" | undefined'.
src/pages/explorer/LogExplorer.tsx(67,18): error TS2322: Type '"outline"' is not assignable to type '"info" | "success" | "warning" | "error" | "accent" | "muted" | undefined'.
src/pages/explorer/LogExplorer.tsx(68,18): error TS2322: Type '"outline"' is not assignable to type '"info" | "success" | "warning" | "error" | "accent" | "muted" | undefined'.
src/pages/fim/FIMPage.tsx(1,10): error TS6133: 'For' is declared but its value is never read.
src/pages/forensics/MerkleExplorer.tsx(1,24): error TS6133: 'For' is declared but its value is never read.
src/pages/forensics/MerkleExplorer.tsx(5,59): error TS6133: 'AlertCircle' is declared but its value is never read.
src/pages/forensics/MerkleExplorer.tsx(9,13): error TS2339: Property 'merkleRoot' does not exist on type '{ evidence: Accessor<Evidence[]>; setEvidence: Setter<Evidence[]>; }'.
src/pages/forensics/MerkleExplorer.tsx(89,51): error TS2322: Type '"xs"' is not assignable to type '"sm" | "md" | "lg" | "icon" | undefined'.
src/pages/hunting/HuntingWorkspace.tsx(79,34): error TS2304: Cannot find name 'Activity'.
src/pages/livetail/LiveTail.tsx(3,1): error TS6133: 'Badge' is declared but its value is never read.
src/pages/search/SearchPage.tsx(5,1): error TS6133: 'Input' is declared but its value is never read.
src/pages/search/SearchPage.tsx(6,18): error TS6133: 'Filter' is declared but its value is never read.
src/pages/search/SearchPage.tsx(7,1): error TS6133: 'searchStore' is declared but its value is never read.
src/stores/agents.store.ts(29,16): error TS6133: 'setAgents' is declared but its value is never read.
src/stores/cases.store.ts(57,15): error TS6133: 'setCases' is declared but its value is never read.
src/stores/dashboard.store.ts(33,19): error TS6133: 'setRiskScore' is declared but its value is never read.
src/stores/fim.store.ts(26,15): error TS6133: 'setFiles' is declared but its value is never read.
src/stores/netflow.store.ts(37,15): error TS6133: 'setFlows' is declared but its value is never read.
