=== RUN   TestSyslogParser_Parse
=== RUN   TestSyslogParser_Parse/RFC3164_SSH_Success
=== RUN   TestSyslogParser_Parse/RFC3164_SSH_Fail
=== RUN   TestSyslogParser_Parse/RFC3164_Kernel_Boot
=== RUN   TestSyslogParser_Parse/RFC3164_Cron
=== RUN   TestSyslogParser_Parse/RFC3164_Sudo
=== RUN   TestSyslogParser_Parse/RFC3164_Auth_Error
=== RUN   TestSyslogParser_Parse/RFC3164_USB_Insert
=== RUN   TestSyslogParser_Parse/RFC3164_Nginx_Start
=== RUN   TestSyslogParser_Parse/RFC3164_Systemd_Notify
=== RUN   TestSyslogParser_Parse/RFC3164_Ghost_Login
=== RUN   TestSyslogParser_Parse/RFC5424_Standard
=== RUN   TestSyslogParser_Parse/RFC5424_With_PID
=== RUN   TestSyslogParser_Parse/RFC5424_Cisco_Nexus
=== RUN   TestSyslogParser_Parse/RFC5424_Docker
=== RUN   TestSyslogParser_Parse/RFC5424_Nginx_Edge
=== RUN   TestSyslogParser_Parse/RFC5424_K8s_API
=== RUN   TestSyslogParser_Parse/RFC5424_Postgres
=== RUN   TestSyslogParser_Parse/RFC5424_Redis
=== RUN   TestSyslogParser_Parse/RFC5424_Gitlab
=== RUN   TestSyslogParser_Parse/RFC5424_Systemd_Core
=== RUN   TestSyslogParser_Parse/Edge_Empty_Message
=== RUN   TestSyslogParser_Parse/Edge_No_Space_Tag
=== RUN   TestSyslogParser_Parse/Edge_Long_Host
=== RUN   TestSyslogParser_Parse/Edge_Strange_Chars
=== RUN   TestSyslogParser_Parse/Edge_Max_PRI
=== RUN   TestSyslogParser_Parse/Edge_Zero_PRI
=== RUN   TestSyslogParser_Parse/Edge_Min_Time
=== RUN   TestSyslogParser_Parse/Edge_Leap_Year_Attempt
=== RUN   TestSyslogParser_Parse/Edge_IPv6_Host
=== RUN   TestSyslogParser_Parse/Edge_No_Tag_Content
=== RUN   TestSyslogParser_Parse/Variant_Ubuntu_22
=== RUN   TestSyslogParser_Parse/Variant_CentOS_7
=== RUN   TestSyslogParser_Parse/Variant_Debian_11
=== RUN   TestSyslogParser_Parse/Variant_FreeBSD
=== RUN   TestSyslogParser_Parse/Variant_Alpine
=== RUN   TestSyslogParser_Parse/Variant_Solaris
=== RUN   TestSyslogParser_Parse/Variant_RHEL_9
=== RUN   TestSyslogParser_Parse/Variant_BusyBox
=== RUN   TestSyslogParser_Parse/Variant_Cisco_IOS
=== RUN   TestSyslogParser_Parse/Variant_Generic_Device
=== RUN   TestSyslogParser_Parse/Adversarial_XSS
=== RUN   TestSyslogParser_Parse/Adversarial_SQLI
=== RUN   TestSyslogParser_Parse/Adversarial_Path_Traversal
=== RUN   TestSyslogParser_Parse/Adversarial_Null_Byte
=== RUN   TestSyslogParser_Parse/Adversarial_Long_Message
=== RUN   TestSyslogParser_Parse/Adversarial_CRLF_Injection
    parser_test.go:84: SyslogParser.Parse() error = invalid RFC3164 format, wantErr false
=== RUN   TestSyslogParser_Parse/Adversarial_Format_String
=== RUN   TestSyslogParser_Parse/Adversarial_Command_Injection
=== RUN   TestSyslogParser_Parse/Adversarial_Heavy_Escape
=== RUN   TestSyslogParser_Parse/Adversarial_Unicode_Flood
=== RUN   TestSyslogParser_Parse/Error_No_Header
=== RUN   TestSyslogParser_Parse/Error_No_Time
=== RUN   TestSyslogParser_Parse/Error_Bad_PRI
=== RUN   TestSyslogParser_Parse/Error_Incomplete
--- FAIL: TestSyslogParser_Parse (0.01s)
    --- PASS: TestSyslogParser_Parse/RFC3164_SSH_Success (0.00s)
    --- PASS: TestSyslogParser_Parse/RFC3164_SSH_Fail (0.00s)
    --- PASS: TestSyslogParser_Parse/RFC3164_Kernel_Boot (0.00s)
    --- PASS: TestSyslogParser_Parse/RFC3164_Cron (0.00s)
    --- PASS: TestSyslogParser_Parse/RFC3164_Sudo (0.00s)
    --- PASS: TestSyslogParser_Parse/RFC3164_Auth_Error (0.00s)
    --- PASS: TestSyslogParser_Parse/RFC3164_USB_Insert (0.00s)
    --- PASS: TestSyslogParser_Parse/RFC3164_Nginx_Start (0.00s)
    --- PASS: TestSyslogParser_Parse/RFC3164_Systemd_Notify (0.00s)
    --- PASS: TestSyslogParser_Parse/RFC3164_Ghost_Login (0.00s)
    --- PASS: TestSyslogParser_Parse/RFC5424_Standard (0.00s)
    --- PASS: TestSyslogParser_Parse/RFC5424_With_PID (0.00s)
    --- PASS: TestSyslogParser_Parse/RFC5424_Cisco_Nexus (0.00s)
    --- PASS: TestSyslogParser_Parse/RFC5424_Docker (0.00s)
    --- PASS: TestSyslogParser_Parse/RFC5424_Nginx_Edge (0.00s)
    --- PASS: TestSyslogParser_Parse/RFC5424_K8s_API (0.00s)
    --- PASS: TestSyslogParser_Parse/RFC5424_Postgres (0.00s)
    --- PASS: TestSyslogParser_Parse/RFC5424_Redis (0.00s)
    --- PASS: TestSyslogParser_Parse/RFC5424_Gitlab (0.00s)
    --- PASS: TestSyslogParser_Parse/RFC5424_Systemd_Core (0.00s)
    --- PASS: TestSyslogParser_Parse/Edge_Empty_Message (0.00s)
    --- PASS: TestSyslogParser_Parse/Edge_No_Space_Tag (0.00s)
    --- PASS: TestSyslogParser_Parse/Edge_Long_Host (0.00s)
    --- PASS: TestSyslogParser_Parse/Edge_Strange_Chars (0.00s)
    --- PASS: TestSyslogParser_Parse/Edge_Max_PRI (0.00s)
    --- PASS: TestSyslogParser_Parse/Edge_Zero_PRI (0.00s)
    --- PASS: TestSyslogParser_Parse/Edge_Min_Time (0.00s)
    --- PASS: TestSyslogParser_Parse/Edge_Leap_Year_Attempt (0.00s)
    --- PASS: TestSyslogParser_Parse/Edge_IPv6_Host (0.00s)
    --- PASS: TestSyslogParser_Parse/Edge_No_Tag_Content (0.00s)
    --- PASS: TestSyslogParser_Parse/Variant_Ubuntu_22 (0.00s)
    --- PASS: TestSyslogParser_Parse/Variant_CentOS_7 (0.00s)
    --- PASS: TestSyslogParser_Parse/Variant_Debian_11 (0.00s)
    --- PASS: TestSyslogParser_Parse/Variant_FreeBSD (0.00s)
    --- PASS: TestSyslogParser_Parse/Variant_Alpine (0.00s)
    --- PASS: TestSyslogParser_Parse/Variant_Solaris (0.00s)
    --- PASS: TestSyslogParser_Parse/Variant_RHEL_9 (0.00s)
    --- PASS: TestSyslogParser_Parse/Variant_BusyBox (0.00s)
    --- PASS: TestSyslogParser_Parse/Variant_Cisco_IOS (0.00s)
    --- PASS: TestSyslogParser_Parse/Variant_Generic_Device (0.00s)
    --- PASS: TestSyslogParser_Parse/Adversarial_XSS (0.00s)
    --- PASS: TestSyslogParser_Parse/Adversarial_SQLI (0.00s)
    --- PASS: TestSyslogParser_Parse/Adversarial_Path_Traversal (0.00s)
    --- PASS: TestSyslogParser_Parse/Adversarial_Null_Byte (0.00s)
    --- PASS: TestSyslogParser_Parse/Adversarial_Long_Message (0.00s)
    --- FAIL: TestSyslogParser_Parse/Adversarial_CRLF_Injection (0.00s)
    --- PASS: TestSyslogParser_Parse/Adversarial_Format_String (0.00s)
    --- PASS: TestSyslogParser_Parse/Adversarial_Command_Injection (0.00s)
    --- PASS: TestSyslogParser_Parse/Adversarial_Heavy_Escape (0.00s)
    --- PASS: TestSyslogParser_Parse/Adversarial_Unicode_Flood (0.00s)
    --- PASS: TestSyslogParser_Parse/Error_No_Header (0.00s)
    --- PASS: TestSyslogParser_Parse/Error_No_Time (0.00s)
    --- PASS: TestSyslogParser_Parse/Error_Bad_PRI (0.00s)
    --- PASS: TestSyslogParser_Parse/Error_Incomplete (0.00s)
=== RUN   TestSyslogParser_CanParse
--- PASS: TestSyslogParser_CanParse (0.00s)
FAIL
FAIL	github.com/Mr-Naps/oblivra/pkg/parsers/syslog	0.859s
FAIL
